mode: set
github.com/aykay76/projectflow/internal/handlers/handler.go:21.51,29.2 2 0
github.com/aykay76/projectflow/internal/handlers/handler.go:32.71,33.23 1 0
github.com/aykay76/projectflow/internal/handlers/handler.go:33.23,36.3 2 0
github.com/aykay76/projectflow/internal/handlers/handler.go:38.2,39.16 2 0
github.com/aykay76/projectflow/internal/handlers/handler.go:39.16,42.3 2 0
github.com/aykay76/projectflow/internal/handlers/handler.go:44.2,52.75 2 0
github.com/aykay76/projectflow/internal/handlers/handler.go:52.75,55.3 2 0
github.com/aykay76/projectflow/internal/handlers/handler.go:59.75,62.32 2 1
github.com/aykay76/projectflow/internal/handlers/handler.go:62.32,65.3 2 1
github.com/aykay76/projectflow/internal/handlers/handler.go:67.2,68.16 2 1
github.com/aykay76/projectflow/internal/handlers/handler.go:68.16,71.3 2 1
github.com/aykay76/projectflow/internal/handlers/handler.go:73.2,73.43 1 1
github.com/aykay76/projectflow/internal/handlers/handler.go:77.71,80.18 2 1
github.com/aykay76/projectflow/internal/handlers/handler.go:81.22,82.20 1 1
github.com/aykay76/projectflow/internal/handlers/handler.go:83.23,84.21 1 1
github.com/aykay76/projectflow/internal/handlers/handler.go:85.10,86.67 1 1
github.com/aykay76/projectflow/internal/handlers/handler.go:91.70,98.18 4 1
github.com/aykay76/projectflow/internal/handlers/handler.go:98.18,101.3 2 1
github.com/aykay76/projectflow/internal/handlers/handler.go:103.2,103.18 1 1
github.com/aykay76/projectflow/internal/handlers/handler.go:104.22,105.26 1 1
github.com/aykay76/projectflow/internal/handlers/handler.go:106.22,107.29 1 1
github.com/aykay76/projectflow/internal/handlers/handler.go:108.25,109.29 1 1
github.com/aykay76/projectflow/internal/handlers/handler.go:110.10,111.67 1 1
github.com/aykay76/projectflow/internal/handlers/handler.go:115.69,117.16 2 1
github.com/aykay76/projectflow/internal/handlers/handler.go:117.16,120.3 2 1
github.com/aykay76/projectflow/internal/handlers/handler.go:122.2,122.34 1 1
github.com/aykay76/projectflow/internal/handlers/handler.go:125.70,138.68 2 1
github.com/aykay76/projectflow/internal/handlers/handler.go:138.68,141.3 2 1
github.com/aykay76/projectflow/internal/handlers/handler.go:144.2,150.30 5 1
github.com/aykay76/projectflow/internal/handlers/handler.go:150.30,151.61 1 1
github.com/aykay76/projectflow/internal/handlers/handler.go:151.61,154.4 2 1
github.com/aykay76/projectflow/internal/handlers/handler.go:158.2,158.32 1 1
github.com/aykay76/projectflow/internal/handlers/handler.go:158.32,159.65 1 0
github.com/aykay76/projectflow/internal/handlers/handler.go:159.65,162.4 2 0
github.com/aykay76/projectflow/internal/handlers/handler.go:166.2,166.22 1 1
github.com/aykay76/projectflow/internal/handlers/handler.go:166.22,169.3 2 1
github.com/aykay76/projectflow/internal/handlers/handler.go:172.2,172.29 1 1
github.com/aykay76/projectflow/internal/handlers/handler.go:172.29,174.3 1 1
github.com/aykay76/projectflow/internal/handlers/handler.go:174.8,177.75 2 1
github.com/aykay76/projectflow/internal/handlers/handler.go:177.75,179.4 1 1
github.com/aykay76/projectflow/internal/handlers/handler.go:181.2,181.31 1 1
github.com/aykay76/projectflow/internal/handlers/handler.go:181.31,183.3 1 1
github.com/aykay76/projectflow/internal/handlers/handler.go:183.8,185.3 1 1
github.com/aykay76/projectflow/internal/handlers/handler.go:186.2,186.27 1 1
github.com/aykay76/projectflow/internal/handlers/handler.go:186.27,188.3 1 1
github.com/aykay76/projectflow/internal/handlers/handler.go:188.8,190.3 1 1
github.com/aykay76/projectflow/internal/handlers/handler.go:193.2,193.48 1 1
github.com/aykay76/projectflow/internal/handlers/handler.go:193.48,196.3 2 1
github.com/aykay76/projectflow/internal/handlers/handler.go:197.2,197.52 1 1
github.com/aykay76/projectflow/internal/handlers/handler.go:197.52,200.3 2 0
github.com/aykay76/projectflow/internal/handlers/handler.go:201.2,201.44 1 1
github.com/aykay76/projectflow/internal/handlers/handler.go:201.44,204.3 2 0
github.com/aykay76/projectflow/internal/handlers/handler.go:207.2,212.26 4 1
github.com/aykay76/projectflow/internal/handlers/handler.go:212.26,214.3 1 1
github.com/aykay76/projectflow/internal/handlers/handler.go:216.2,216.52 1 1
github.com/aykay76/projectflow/internal/handlers/handler.go:216.52,219.3 2 1
github.com/aykay76/projectflow/internal/handlers/handler.go:221.2,222.33 2 1
github.com/aykay76/projectflow/internal/handlers/handler.go:225.82,227.16 2 1
github.com/aykay76/projectflow/internal/handlers/handler.go:227.16,228.49 1 1
github.com/aykay76/projectflow/internal/handlers/handler.go:228.49,230.4 1 1
github.com/aykay76/projectflow/internal/handlers/handler.go:230.9,232.4 1 0
github.com/aykay76/projectflow/internal/handlers/handler.go:233.3,233.9 1 1
github.com/aykay76/projectflow/internal/handlers/handler.go:236.2,236.33 1 1
github.com/aykay76/projectflow/internal/handlers/handler.go:239.85,242.16 2 1
github.com/aykay76/projectflow/internal/handlers/handler.go:242.16,243.49 1 1
github.com/aykay76/projectflow/internal/handlers/handler.go:243.49,245.4 1 1
github.com/aykay76/projectflow/internal/handlers/handler.go:245.9,247.4 1 0
github.com/aykay76/projectflow/internal/handlers/handler.go:248.3,248.9 1 1
github.com/aykay76/projectflow/internal/handlers/handler.go:252.2,263.68 2 1
github.com/aykay76/projectflow/internal/handlers/handler.go:263.68,266.3 2 0
github.com/aykay76/projectflow/internal/handlers/handler.go:269.2,270.28 2 1
github.com/aykay76/projectflow/internal/handlers/handler.go:270.28,272.3 1 1
github.com/aykay76/projectflow/internal/handlers/handler.go:273.2,273.34 1 1
github.com/aykay76/projectflow/internal/handlers/handler.go:273.34,275.3 1 1
github.com/aykay76/projectflow/internal/handlers/handler.go:276.2,276.29 1 1
github.com/aykay76/projectflow/internal/handlers/handler.go:276.29,278.3 1 1
github.com/aykay76/projectflow/internal/handlers/handler.go:279.2,279.31 1 1
github.com/aykay76/projectflow/internal/handlers/handler.go:279.31,281.3 1 0
github.com/aykay76/projectflow/internal/handlers/handler.go:282.2,282.27 1 1
github.com/aykay76/projectflow/internal/handlers/handler.go:282.27,284.3 1 0
github.com/aykay76/projectflow/internal/handlers/handler.go:285.2,285.31 1 1
github.com/aykay76/projectflow/internal/handlers/handler.go:285.31,287.3 1 0
github.com/aykay76/projectflow/internal/handlers/handler.go:290.2,290.30 1 1
github.com/aykay76/projectflow/internal/handlers/handler.go:290.30,291.61 1 0
github.com/aykay76/projectflow/internal/handlers/handler.go:291.61,294.4 2 0
github.com/aykay76/projectflow/internal/handlers/handler.go:298.2,298.32 1 1
github.com/aykay76/projectflow/internal/handlers/handler.go:298.32,299.65 1 0
github.com/aykay76/projectflow/internal/handlers/handler.go:299.65,302.4 2 0
github.com/aykay76/projectflow/internal/handlers/handler.go:306.2,306.69 1 1
github.com/aykay76/projectflow/internal/handlers/handler.go:306.69,309.3 2 1
github.com/aykay76/projectflow/internal/handlers/handler.go:312.2,316.75 3 1
github.com/aykay76/projectflow/internal/handlers/handler.go:316.75,319.3 2 0
github.com/aykay76/projectflow/internal/handlers/handler.go:320.2,320.81 1 1
github.com/aykay76/projectflow/internal/handlers/handler.go:320.81,323.3 2 0
github.com/aykay76/projectflow/internal/handlers/handler.go:324.2,324.69 1 1
github.com/aykay76/projectflow/internal/handlers/handler.go:324.69,327.3 2 0
github.com/aykay76/projectflow/internal/handlers/handler.go:329.2,329.52 1 1
github.com/aykay76/projectflow/internal/handlers/handler.go:329.52,330.49 1 0
github.com/aykay76/projectflow/internal/handlers/handler.go:330.49,332.4 1 0
github.com/aykay76/projectflow/internal/handlers/handler.go:332.9,334.4 1 0
github.com/aykay76/projectflow/internal/handlers/handler.go:335.3,335.9 1 0
github.com/aykay76/projectflow/internal/handlers/handler.go:338.2,338.33 1 1
github.com/aykay76/projectflow/internal/handlers/handler.go:341.85,342.53 1 1
github.com/aykay76/projectflow/internal/handlers/handler.go:342.53,343.49 1 1
github.com/aykay76/projectflow/internal/handlers/handler.go:343.49,345.4 1 1
github.com/aykay76/projectflow/internal/handlers/handler.go:345.9,347.4 1 0
github.com/aykay76/projectflow/internal/handlers/handler.go:348.3,348.9 1 1
github.com/aykay76/projectflow/internal/handlers/handler.go:351.2,351.37 1 1
github.com/aykay76/projectflow/internal/handlers/handler.go:355.78,361.46 4 1
github.com/aykay76/projectflow/internal/handlers/handler.go:361.46,364.3 2 1
github.com/aykay76/projectflow/internal/handlers/handler.go:365.2,367.20 2 1
github.com/aykay76/projectflow/internal/handlers/handler.go:367.20,370.3 2 0
github.com/aykay76/projectflow/internal/handlers/handler.go:372.2,372.18 1 1
github.com/aykay76/projectflow/internal/handlers/handler.go:373.22,374.36 1 1
github.com/aykay76/projectflow/internal/handlers/handler.go:375.23,376.33 1 1
github.com/aykay76/projectflow/internal/handlers/handler.go:377.10,378.67 1 1
github.com/aykay76/projectflow/internal/handlers/handler.go:383.83,389.46 4 1
github.com/aykay76/projectflow/internal/handlers/handler.go:389.46,392.3 2 1
github.com/aykay76/projectflow/internal/handlers/handler.go:393.2,396.37 3 1
github.com/aykay76/projectflow/internal/handlers/handler.go:396.37,399.3 2 0
github.com/aykay76/projectflow/internal/handlers/handler.go:401.2,401.18 1 1
github.com/aykay76/projectflow/internal/handlers/handler.go:402.25,403.45 1 1
github.com/aykay76/projectflow/internal/handlers/handler.go:404.10,405.67 1 1
github.com/aykay76/projectflow/internal/handlers/handler.go:410.74,416.42 4 1
github.com/aykay76/projectflow/internal/handlers/handler.go:416.42,419.3 2 1
github.com/aykay76/projectflow/internal/handlers/handler.go:420.2,422.18 2 1
github.com/aykay76/projectflow/internal/handlers/handler.go:422.18,425.3 2 0
github.com/aykay76/projectflow/internal/handlers/handler.go:427.2,427.18 1 1
github.com/aykay76/projectflow/internal/handlers/handler.go:428.22,429.27 1 1
github.com/aykay76/projectflow/internal/handlers/handler.go:430.10,431.67 1 1
github.com/aykay76/projectflow/internal/handlers/handler.go:435.92,437.16 2 1
github.com/aykay76/projectflow/internal/handlers/handler.go:437.16,438.49 1 1
github.com/aykay76/projectflow/internal/handlers/handler.go:438.49,440.4 1 1
github.com/aykay76/projectflow/internal/handlers/handler.go:440.9,442.4 1 0
github.com/aykay76/projectflow/internal/handlers/handler.go:443.3,443.9 1 1
github.com/aykay76/projectflow/internal/handlers/handler.go:446.2,446.37 1 1
github.com/aykay76/projectflow/internal/handlers/handler.go:449.89,454.65 2 1
github.com/aykay76/projectflow/internal/handlers/handler.go:454.65,457.3 2 0
github.com/aykay76/projectflow/internal/handlers/handler.go:459.2,459.27 1 1
github.com/aykay76/projectflow/internal/handlers/handler.go:459.27,462.3 2 1
github.com/aykay76/projectflow/internal/handlers/handler.go:465.2,466.16 2 1
github.com/aykay76/projectflow/internal/handlers/handler.go:466.16,467.49 1 0
github.com/aykay76/projectflow/internal/handlers/handler.go:467.49,469.4 1 0
github.com/aykay76/projectflow/internal/handlers/handler.go:469.9,471.4 1 0
github.com/aykay76/projectflow/internal/handlers/handler.go:472.3,472.9 1 0
github.com/aykay76/projectflow/internal/handlers/handler.go:475.2,476.16 2 1
github.com/aykay76/projectflow/internal/handlers/handler.go:476.16,477.49 1 0
github.com/aykay76/projectflow/internal/handlers/handler.go:477.49,479.4 1 0
github.com/aykay76/projectflow/internal/handlers/handler.go:479.9,481.4 1 0
github.com/aykay76/projectflow/internal/handlers/handler.go:482.3,482.9 1 0
github.com/aykay76/projectflow/internal/handlers/handler.go:486.2,486.63 1 1
github.com/aykay76/projectflow/internal/handlers/handler.go:486.63,489.3 2 0
github.com/aykay76/projectflow/internal/handlers/handler.go:492.2,492.30 1 1
github.com/aykay76/projectflow/internal/handlers/handler.go:492.30,494.17 2 0
github.com/aykay76/projectflow/internal/handlers/handler.go:494.17,497.4 2 0
github.com/aykay76/projectflow/internal/handlers/handler.go:501.2,506.57 4 1
github.com/aykay76/projectflow/internal/handlers/handler.go:506.57,509.3 2 0
github.com/aykay76/projectflow/internal/handlers/handler.go:511.2,511.56 1 1
github.com/aykay76/projectflow/internal/handlers/handler.go:511.56,514.3 2 0
github.com/aykay76/projectflow/internal/handlers/handler.go:516.2,527.37 3 1
github.com/aykay76/projectflow/internal/handlers/handler.go:530.101,533.16 2 1
github.com/aykay76/projectflow/internal/handlers/handler.go:533.16,534.49 1 1
github.com/aykay76/projectflow/internal/handlers/handler.go:534.49,536.4 1 1
github.com/aykay76/projectflow/internal/handlers/handler.go:536.9,538.4 1 0
github.com/aykay76/projectflow/internal/handlers/handler.go:539.3,539.9 1 1
github.com/aykay76/projectflow/internal/handlers/handler.go:543.2,544.16 2 1
github.com/aykay76/projectflow/internal/handlers/handler.go:544.16,545.49 1 1
github.com/aykay76/projectflow/internal/handlers/handler.go:545.49,547.4 1 1
github.com/aykay76/projectflow/internal/handlers/handler.go:547.9,549.4 1 0
github.com/aykay76/projectflow/internal/handlers/handler.go:550.3,550.9 1 1
github.com/aykay76/projectflow/internal/handlers/handler.go:554.2,555.44 2 1
github.com/aykay76/projectflow/internal/handlers/handler.go:555.44,556.23 1 1
github.com/aykay76/projectflow/internal/handlers/handler.go:556.23,558.9 2 1
github.com/aykay76/projectflow/internal/handlers/handler.go:562.2,562.18 1 1
github.com/aykay76/projectflow/internal/handlers/handler.go:562.18,565.3 2 0
github.com/aykay76/projectflow/internal/handlers/handler.go:568.2,573.57 4 1
github.com/aykay76/projectflow/internal/handlers/handler.go:573.57,576.3 2 0
github.com/aykay76/projectflow/internal/handlers/handler.go:578.2,578.56 1 1
github.com/aykay76/projectflow/internal/handlers/handler.go:578.56,581.3 2 0
github.com/aykay76/projectflow/internal/handlers/handler.go:583.2,593.37 2 1
github.com/aykay76/projectflow/internal/handlers/handler.go:596.83,601.65 2 1
github.com/aykay76/projectflow/internal/handlers/handler.go:601.65,604.3 2 0
github.com/aykay76/projectflow/internal/handlers/handler.go:607.2,608.16 2 1
github.com/aykay76/projectflow/internal/handlers/handler.go:608.16,609.49 1 1
github.com/aykay76/projectflow/internal/handlers/handler.go:609.49,611.4 1 1
github.com/aykay76/projectflow/internal/handlers/handler.go:611.9,613.4 1 0
github.com/aykay76/projectflow/internal/handlers/handler.go:614.3,614.9 1 1
github.com/aykay76/projectflow/internal/handlers/handler.go:618.2,619.31 2 1
github.com/aykay76/projectflow/internal/handlers/handler.go:619.31,621.17 2 1
github.com/aykay76/projectflow/internal/handlers/handler.go:621.17,622.50 1 1
github.com/aykay76/projectflow/internal/handlers/handler.go:622.50,624.5 1 1
github.com/aykay76/projectflow/internal/handlers/handler.go:624.10,626.5 1 0
github.com/aykay76/projectflow/internal/handlers/handler.go:627.4,627.10 1 1
github.com/aykay76/projectflow/internal/handlers/handler.go:631.3,631.66 1 1
github.com/aykay76/projectflow/internal/handlers/handler.go:631.66,634.4 2 1
github.com/aykay76/projectflow/internal/handlers/handler.go:638.2,638.25 1 1
github.com/aykay76/projectflow/internal/handlers/handler.go:638.25,640.17 2 0
github.com/aykay76/projectflow/internal/handlers/handler.go:640.17,643.4 2 0
github.com/aykay76/projectflow/internal/handlers/handler.go:647.2,647.22 1 1
github.com/aykay76/projectflow/internal/handlers/handler.go:647.22,649.57 2 1
github.com/aykay76/projectflow/internal/handlers/handler.go:649.57,652.4 2 0
github.com/aykay76/projectflow/internal/handlers/handler.go:656.2,659.51 3 1
github.com/aykay76/projectflow/internal/handlers/handler.go:659.51,662.3 2 0
github.com/aykay76/projectflow/internal/handlers/handler.go:664.2,674.37 2 1
github.com/aykay76/projectflow/internal/handlers/handler.go:678.79,680.25 1 1
github.com/aykay76/projectflow/internal/handlers/handler.go:680.25,682.3 1 1
github.com/aykay76/projectflow/internal/handlers/handler.go:685.2,685.42 1 1
github.com/aykay76/projectflow/internal/handlers/handler.go:689.64,691.16 2 1
github.com/aykay76/projectflow/internal/handlers/handler.go:691.16,693.3 1 0
github.com/aykay76/projectflow/internal/handlers/handler.go:696.2,696.40 1 1
github.com/aykay76/projectflow/internal/handlers/handler.go:696.40,697.28 1 1
github.com/aykay76/projectflow/internal/handlers/handler.go:697.28,699.4 1 1
github.com/aykay76/projectflow/internal/handlers/handler.go:700.3,700.42 1 1
github.com/aykay76/projectflow/internal/handlers/handler.go:700.42,702.4 1 1
github.com/aykay76/projectflow/internal/handlers/handler.go:705.2,705.14 1 1
